// Jest Snapshot v1, https://goo.gl/fbAQLP

exports[`Properties renders correctly 1`] = `
<DocumentFragment>
  <div
    class="properties"
  >
    <h2>
      Properties
    </h2>
    <div
      class="AddProp"
    >
      <form
        class="Form"
      >
        <label
          for="title"
        >
          Property Description
          <input
            id="title"
            name="title"
            placeholder="Type here.."
            value=""
          />
          <label
            for="city"
          >
            City
            <select
              id="city"
              name="city"
            >
              <option
                value="manchester"
              >
                 Manchester
              </option>
              <option
                value="liverpool"
              >
                 Liverpool
              </option>
              <option
                value="sheffield"
              >
                 Sheffield
              </option>
              <option
                value="leeds"
              >
                 Leeds
              </option>
            </select>
            <label
              for="type"
            >
              Type
              <select
                id="type"
                name="type"
              >
                <option
                  value="flat"
                >
                   Flat
                </option>
                <option
                  value="detached"
                >
                   Detached
                </option>
                <option
                  value="semi-detached"
                >
                   Semi-Detached
                </option>
                <option
                  value="terraced"
                >
                   Terraced
                </option>
                <option
                  value="end-of-terraced"
                >
                   End of Terraced
                </option>
                <option
                  value="cottage"
                >
                   Cottage
                </option>
                <option
                  value="bungalow"
                >
                   Bungalow
                </option>
              </select>
            </label>
            <label
              for="bedrooms"
            >
              Bedrooms
              <select
                id="bedrooms"
                name="bedrooms"
              >
                <option
                  value="1"
                >
                   1
                </option>
                <option
                  value="2"
                >
                   2
                </option>
                <option
                  value="3"
                >
                   3
                </option>
                <option
                  value="4"
                >
                   4
                </option>
                <option
                  value="5"
                >
                   5
                </option>
              </select>
            </label>
            <label
              for="bathrooms"
            >
              Bathrooms
              <select
                id="bathrooms"
                name="bathrooms"
              >
                <option
                  value="1"
                >
                   1
                </option>
                <option
                  value="2"
                >
                   2
                </option>
                <option
                  value="3"
                >
                   3
                </option>
                <option
                  value="4"
                >
                   4
                </option>
                <option
                  value="5"
                >
                   5
                </option>
              </select>
            </label>
            <label
              for="price"
            >
              Price
              <input
                id="price"
                name="price"
                placeholder="0"
                type="number"
                value=""
              />
            </label>
            <label
              for="email"
            >
              Email
              <input
                id="email"
                name="email"
                placeholder="Type here..."
                type="email"
                value=""
              />
            </label>
          </label>
          <button
            class="AddProp-Button"
            type="submit"
          >
            Add
          </button>
        </label>
      </form>
    </div>
  </div>
</DocumentFragment>
`;
