// Jest Snapshot v1, https://goo.gl/fbAQLP

exports[`Properties renders correctly 1`] = `
<DocumentFragment>
  <div
    class="property-card"
  >
    <h2>
      Properties Page
    </h2>
    <div
      class="property-card"
    >
      <div
        class="title"
        data-testid="card-title"
      >
        Big House
      </div>
      <div
        class="city"
        data-testid="card-city"
      >
        Manchester
      </div>
      <div
        class="type"
        data-testid="card-type"
      >
        House
      </div>
      <div
        class="bedrooms"
        data-testid="card-bedrooms"
      >
        Bedrooms:5
      </div>
      <div
        class="bathrooms"
        data-testid="card-bathrooms"
      >
        Bathrooms:2
      </div>
      <div
        class="price"
        data-testid="card-price"
      >
        £:200000
      </div>
      <div
        class="email"
        data-testid="cardId-email"
      >
        <a
          href="mailto:house@gmail.com"
        >
          Send Email
        </a>
      </div>
    </div>
  </div>
</DocumentFragment>
`;
